---
source: src/app/component/confirm_dialog/boolean_confirm_dialog.rs
expression: render_to_string(&dialog)
---
"                                                                                "
"                                                                                "
"                                                                                "
"                                                                                "
"                                                                                "
"                                                                                "
"                                                                                "
"                                                                                "
"                        ┌──────────────────────────────┐                        "
"                        │                              │                        "
"                        │ Save all files in workspace? │                        "
"                        │                              │                        "
"                        └─────────[Y]es / [N]o─────────┘                        "
"                                                                                "
"                                                                                "
"                                                                                "
"                                                                                "
"                                                                                "
"                                                                                "
"                                                                                "
