---
source: src/app/component/confirm_dialog/error_confirm_dialog.rs
expression: "render_to_string(&ErrorConfirmDialog::new(\"short error!\".into()).title(Line::from(\"This is a very long title\")))"
---
"                                                                                "
"                                                                                "
"                                                                                "
"                                                                                "
"                                                                                "
"                                                                                "
"                                                                                "
"                                                                                "
"                          ┌─This is a very long title─┐                         "
"                          │                           │                         "
"                          │ short error!              │                         "
"                          │                           │                         "
"                          └───────Press any key───────┘                         "
"                                                                                "
"                                                                                "
"                                                                                "
"                                                                                "
"                                                                                "
"                                                                                "
"                                                                                "
