---
source: src/app/component/workspace.rs
expression: "stateful_render_to_string(&worktree, &mut state)"
---
"┌Tree──────────────────────────────────────────────────────────────────────────┐"
"│> root                                                                       ↑│"
"│                                                                             █│"
"│                                                                             █│"
"│                                                                             █│"
"│                                                                             █│"
"│                                                                             █│"
"│                                                                             █│"
"│                           ┌──Invalid selection───┐                          █│"
"│                           │                      │                          █│"
"│                           │ Index cannot be 0    │                          █│"
"│                           │                      │                          █│"
"│                           └────Press any key─────┘                          █│"
"│                                                                             █│"
"│                                                                             █│"
"│                                                                             █│"
"│                                                                             █│"
"│                                                                             █│"
"│                                                                             ↓│"
"└──────────────────────────────────────────────────────────────────────────────┘"
