---
source: src/app/component/workspace.rs
expression: "stateful_render_to_string(&worktree, &mut state)"
---
"┌Tree─────────────────────┐┌Preview────────────────────────────────────────────┐"
"│  --web-app             ↑││  1 "articleTemplate.htm"                          │"
"│  ----servlet           ║││                                                   │"
"│  ------0               ║││                                                   │"
"│  --------servlet-name  ║││                                                   │"
"│  --------servlet-class ║││                                                   │"
"│  --------init-param    █││                                                   │"
"│  ----------configGlossa█││                                                   │"
"│  ----------configGlossa█││                                                   │"
"│  ----------configGlossa█││                                                   │"
"│  ----------configGlossa║││                                                   │"
"│  ----------configGlossa║││                                                   │"
"│  ----------templateProc║││                                                   │"
"│  ----------templateLoad║││                                                   │"
"│  ----------templatePath║││                                                   │"
"│  ----------templateOver║││                                                   │"
"│  ----------defaultListT║││                                                   │"
"│> ----------defaultFileT║││                                                   │"
"│  ----------useJSP      ↓││                                                   │"
"└─────────────────────────┘└───────────────────────────────────────────────────┘"
