---
source: src/app/component/workspace.rs
expression: "stateful_render_to_string(&worktree, &mut state)"
---
"┌Tree──────────────────────────────────────────────────────────────────────────┐"
"│  root                                                                       ↑│"
"│  ├─ key                                                                     ║│"
"│  └─ values                                                                  ║│"
"│>    ├─ 0                                                                    █│"
"│     ├─ 1                                                                    █│"
"│     └─ 2                                                                    █│"
"│                                                                             █│"
"│                                                                             █│"
"│                                                                             █│"
"│                                                                             █│"
"│                                                                             █│"
"│                                                                             █│"
"│                                                                             █│"
"│                                                                             █│"
"│                                                                             █│"
"│                                                                             █│"
"│                                                                             ║│"
"│                                                                             ↓│"
"└──────────────────────────────────────────────────────────────────────────────┘"
