---
source: src/app/component/workspace.rs
expression: "stateful_render_to_string(&worktree, &mut state)"
---
"┌Tree──────────────────────────────────────────────────────────────────────────┐"
"│  root                                                                       ↑│"
"│  └─ web-app                                                                 ║│"
"│>    ├─ new_key                                                              █│"
"│     ├─ servlet-mapping                                                      █│"
"│     └─ taglib                                                               █│"
"│                                                                             █│"
"│                                                                             █│"
"│                                                                             █│"
"│            ┌Rename──────────────────────────────────────────────┐           █│"
"│            │> new_key█                                          │           █│"
"│            └────────────────────────────────────────────────────┘           █│"
"│                                                                             █│"
"│                                                                             █│"
"│                                                                             █│"
"│                                                                             █│"
"│                                                                             █│"
"│                                                                             ║│"
"│                                                                             ↓│"
"└──────────────────────────────────────────────────────────────────────────────┘"
