---
source: src/app/component/workspace.rs
expression: "stateful_render_to_string(&worktree, &mut state)"
---
"┌Tree──────────────────────┐┌Preview───────────────────────────────────────────┐"
"│  root                   ↑││  6       "init-param": {                        ↑│"
"│> └─ web-app             ║││  7         "configGlossary:installationAt": "Ph ║│"
"│                         █││  8         "configGlossary:adminEmail": "ksm@po █│"
"│                         █││  9         "configGlossary:poweredBy": "Cofax", █│"
"│                         █││ 10         "configGlossary:poweredByIcon": "/im ║│"
"│                         █││ 11         "configGlossary:staticPath": "/conte ║│"
"│                         █││ 12         "templateProcessorClass": "org.cofax ║│"
"│                         █││ 13         "templateLoaderClass": "org.cofax.Fi ║│"
"│                         █││ 14         "templatePath": "templates",         ║│"
"│                         █││ 15         "templateOverridePath": "",          ║│"
"│                         █││ 16         "defaultListTemplate": "listTemplate ║│"
"│                         █││ 17         "defaultFileTemplate": "articleTempl ║│"
"│                         █││ 18         "useJSP": false,                     ║│"
"│                         █││ 19         "jspListTemplate": "listTemplate.jsp ║│"
"│                         █││ 20         "jspFileTemplate": "articleTemplate. ║│"
"│                         █││ 21         "cachePackageTagsTrack": 200,        ║│"
"│                         █││                                                 ↓│"
"│                         ↓││←█████████████████████████══════════════════════→ │"
"└──────────────────────────┘└──────────────────────────────────────────────────┘"
