---
source: src/app/component/preview.rs
expression: "stateful_render_to_string(&preview, &mut preview_state)"
---
"┌Preview───────────────────────────────────────────────────────────────────────┐"
"│  1 {                                                                        ↑│"
"│  2   "web-app": {                                                           █│"
"│  3     "servlet": [                                                         █│"
"│  4       {                                                                  █│"
"│  5         "servlet-name": "cofaxCDS",                                      ║│"
"│  6         "servlet-class": "org.cofax.cds.CDSServlet",                     ║│"
"│  7         "init-param": {                                                  ║│"
"│  8           "configGlossary:installationAt": "Philadelphia, PA",           ║│"
"│  9           "configGlossary:adminEmail": "ksm@pobox.com",                  ║│"
"│ 10           "configGlossary:poweredBy": "Cofax",                           ║│"
"│ 11           "configGlossary:poweredByIcon": "/images/cofax.gif",           ║│"
"│ 12           "configGlossary:staticPath": "/content/static",                ║│"
"│ 13           "templateProcessorClass": "org.cofax.WysiwygTemplate",         ║│"
"│ 14           "templateLoaderClass": "org.cofax.FilesTemplateLoader",        ║│"
"│ 15           "templatePath": "templates",                                   ║│"
"│ 16           "templateOverridePath": "",                                    ║│"
"│                                                                             ↓│"
"│←██████████████████████████████████████████████████████████████═════════════→ │"
"└──────────────────────────────────────────────────────────────────────────────┘"
