---
source: src/app/component/workspace.rs
expression: "stateful_render_to_string(&worktree, &mut state)"
---
"┌Tree─────────────────────┐┌Preview────────────────────────────────────────────┐"
"│> root                  ↑││  1 {                                             ↑│"
"│                        █││  2   "web-app": {                                █│"
"│                        █││  3     "servlet": [                              █│"
"│                        █││  4       {                                       █│"
"│                        █││  5         "servlet-name": "cofaxCDS",           ║│"
"│                        █││  6         "servlet-class": "org.cofax.cds.CDSSe ║│"
"│                        █││  7         "init-param": {                       ║│"
"│                        █││  8  ┌────────────┐igGlossary:installationAt": "P ║│"
"│                        █││  9  │            │igGlossary:adminEmail": "ksm@p ║│"
"│                        █││ 10  │ Loading    │igGlossary:poweredBy": "Cofax" ║│"
"│                        █││ 11  │            │igGlossary:poweredByIcon": "/i ║│"
"│                        █││ 12  └────────────┘igGlossary:staticPath": "/cont ║│"
"│                        █││ 13           "templateProcessorClass": "org.cofa ║│"
"│                        █││ 14           "templateLoaderClass": "org.cofax.F ║│"
"│                        █││ 15           "templatePath": "templates",        ║│"
"│                        █││ 16           "templateOverridePath": "",         ║│"
"│                        █││                                                  ↓│"
"│                        ↓││←██████████████████████████══════════════════════→ │"
"└─────────────────────────┘└───────────────────────────────────────────────────┘"
