---
source: src/app/component/preview.rs
expression: "stateful_render_to_string(&preview, &mut PreviewState\n{ x_offset, y_offset: 0 })"
---
"┌Preview───────────────────────────────────────────────────────────────────────┐"
"│234567890123456789012345678901234567890123456789012345678901234567890123      │"
"│234567890123456789012345678901234567890123456789012345678901234567890123      │"
"│234567890123456789012345678901234567890123456789012345678901234567890123      │"
"│234567890123456789012345678901234567890123456789012345678901234567890123      │"
"│234567890123456789012345678901234567890123456789012345678901234567890123      │"
"│234567890123456789012345678901234567890123456789012345678901234567890123      │"
"│234567890123456789012345678901234567890123456789012345678901234567890123      │"
"│234567890123456789012345678901234567890123456789012345678901234567890123      │"
"│234567890123456789012345678901234567890123456789012345678901234567890123      │"
"│2345678901234567890123456789012345678901234567890123456789012345678901234567  │"
"│234567890123456789012345678901234567890123456789012345678901234567890123      │"
"│234567890123456789012345678901234567890123456789012345678901234567890123      │"
"│234567890123456789012345678901234567890123456789012345678901234567890123      │"
"│234567890123456789012345678901234567890123456789012345678901234567890123      │"
"│234567890123456789012345678901234567890123456789012345678901234567890123      │"
"│234567890123456789012345678901234567890123456789012345678901234567890123      │"
"│                                                                              │"
"│←══████████████████████████████████████████████████████████████████████████══→│"
"└──────────────────────────────────────────────────────────────────────────────┘"
