---
source: src/app/component/workspace.rs
expression: "stateful_render_to_string(&worktree, &mut state)"
---
"┌Tree─────────────────────┐┌Preview────────────────────────────────────────────┐"
"│  root                  ↑││t-param": {                                       ↑│"
"│> --web-app             ║││onfigGlossary:installationAt": "Philadelphia, PA" ║│"
"│                        █││onfigGlossary:adminEmail": "ksm@pobox.com",       █│"
"│                        █││onfigGlossary:poweredBy": "Cofax",                █│"
"│                        █││onfigGlossary:poweredByIcon": "/images/cofax.gif" █│"
"│                        █││onfigGlossary:staticPath": "/content/static",     ║│"
"│                        █││emplateProcessorClass": "org.cofax.WysiwygTemplat ║│"
"│                        █││emplateLoaderClass": "org.cofax.FilesTemplateLoad ║│"
"│                        █││emplatePath": "templates",                        ║│"
"│                        █││emplateOverridePath": "",                         ║│"
"│                        █││efaultListTemplate": "listTemplate.htm",          ║│"
"│                        █││efaultFileTemplate": "articleTemplate.htm",       ║│"
"│                        █││seJSP": false,                                    ║│"
"│                        █││spListTemplate": "listTemplate.jsp",              ║│"
"│                        █││spFileTemplate": "articleTemplate.jsp",           ║│"
"│                        █││achePackageTagsTrack": 200,                       ║│"
"│                        █││                                                  ║│"
"│                        ↓││←══════████████████████████████████═══════════════→│"
"└─────────────────────────┘└───────────────────────────────────────────────────┘"
