---
source: src/app/component/workspace.rs
expression: "stateful_render_to_string(&worktree, &mut WorkTreeState::default())"
---
"┌Tree──────────────────────────────────────────────────────────────────────────┐"
"│> root                                                                       ↑│"
"│                                                                             █│"
"│                                                                             █│"
"│                                                                             █│"
"│                                                                             █│"
"│   ┌JSON Error────────────────────────────────────────────────────────────┐  █│"
"│   │                                                                      │  █│"
"│   │ Deserialization error: expected value at line 1 column 2. Lorem      │  █│"
"│   │ ipsum dolor sit amet,consectetur adipiscing elit, sed do eiusmod     │  █│"
"│   │ tempor incididunt ut labore et dolore magnaaliqua.                   │  █│"
"│   │                                                                      │  █│"
"│   │                           Continue to edit?                          │  █│"
"│   │                                                                      │  █│"
"│   └─────────────────────────────[Y]es / [N]o─────────────────────────────┘  █│"
"│                                                                             █│"
"│                                                                             █│"
"│                                                                             █│"
"│                                                                             ↓│"
"└──────────────────────────────────────────────────────────────────────────────┘"
