---
source: src/app/component/workspace.rs
expression: "stateful_render_to_string(&worktree, &mut state)"
---
"┌Tree──────────────────────┐┌Preview───────────────────────────────────────────┐"
"│  ----------dataStoreName↑││  1 {                                             │"
"│  ----------dataStoreDriv║││  2   "taglib-uri": "cofax.tld",                  │"
"│  ----------dataStoreUrl ║││  3   "taglib-location": "/WEB-INF/tlds/cofax.tl  │"
"│  ----------dataStoreUser║││  4 }                                             │"
"│  ----------dataStorePass║││                                                  │"
"│  ----------dataStoreTest║││                                                  │"
"│  ----------dataStoreLogF║││                                                  │"
"│  ----------dataStoreInit║││                                                  │"
"│  ----------dataStoreMaxC║││                                                  │"
"│  ----------dataStoreConn║││                                                  │"
"│  ----------dataStoreLogL║││                                                  │"
"│  ----------maxUrlLength ║││                                                  │"
"│  ------1                ║││                                                  │"
"│  ------2                █││                                                  │"
"│  ------3                █││                                                  │"
"│  ------4                █││                                                  │"
"│  ----servlet-mapping    █││                                                  │"
"│> ----taglib             ↓││←█████████████████████████████████████████████══→ │"
"└──────────────────────────┘└──────────────────────────────────────────────────┘"
