---
source: src/app/component/workspace.rs
expression: "stateful_render_to_string(&worktree, &mut state)"
---
"┌Tree──────────────────────┐┌Preview───────────────────────────────────────────┐"
"│> root                   ↑││  1 {                                            ↑│"
"│                         █││  2   "web-app": {                               █│"
"│                         █││  3     "servlet": [                             █│"
"│                         █││  4       {                                      █│"
"│                         █││  5         "servlet-name": "cofaxCDS",          ║│"
"│                         █││  6         "servlet-class": "org.cofax.cds.CDSS ║│"
"│                         █││  7         "init-param": {                      ║│"
"│                         ┌──────────────────────────┐sary:installationAt": " ║│"
"│                         │                          │sary:adminEmail": "ksm@ ║│"
"│                         │ Discard unsaved changes? │sary:poweredBy": "Cofax ║│"
"│                         │                          │sary:poweredByIcon": "/ ║│"
"│                         └───────[Y]es / [N]o───────┘sary:staticPath": "/con ║│"
"│                         █││ 13           "templateProcessorClass": "org.cof ║│"
"│                         █││ 14           "templateLoaderClass": "org.cofax. ║│"
"│                         █││ 15           "templatePath": "templates",       ║│"
"│                         █││ 16           "templateOverridePath": "",        ║│"
"│                         █││                                                 ↓│"
"│                         ↓││←█████████████████████████══════════════════════→ │"
"└──────────────────────────┘└──────────────────────────────────────────────────┘"
