---
source: src/app/component/preview.rs
expression: "stateful_render_to_string(&preview, &mut PreviewState\n{ x_offset, y_offset: 0 })"
---
"┌Preview───────────────────────────────────────────────────────────────────────┐"
"│  1 4567890123456789012345678901234567890123456789012345678901234567890123    │"
"│  2 4567890123456789012345678901234567890123456789012345678901234567890123    │"
"│  3 4567890123456789012345678901234567890123456789012345678901234567890123    │"
"│  4 4567890123456789012345678901234567890123456789012345678901234567890123    │"
"│  5 4567890123456789012345678901234567890123456789012345678901234567890123    │"
"│  6 4567890123456789012345678901234567890123456789012345678901234567890123    │"
"│  7 4567890123456789012345678901234567890123456789012345678901234567890123    │"
"│  8 4567890123456789012345678901234567890123456789012345678901234567890123    │"
"│  9 4567890123456789012345678901234567890123456789012345678901234567890123    │"
"│ 10 456789012345678901234567890123456789012345678901234567890123456789012345  │"
"│ 11 4567890123456789012345678901234567890123456789012345678901234567890123    │"
"│ 12 4567890123456789012345678901234567890123456789012345678901234567890123    │"
"│ 13 4567890123456789012345678901234567890123456789012345678901234567890123    │"
"│ 14 4567890123456789012345678901234567890123456789012345678901234567890123    │"
"│ 15 4567890123456789012345678901234567890123456789012345678901234567890123    │"
"│ 16 4567890123456789012345678901234567890123456789012345678901234567890123    │"
"│                                                                              │"
"│←════███████████████████████████████████████████████████████████████████════→ │"
"└──────────────────────────────────────────────────────────────────────────────┘"
