---
source: src/app/component/workspace.rs
expression: "stateful_render_to_string(&worktree, &mut state)"
---
"┌Tree──────────────────────┐┌Preview───────────────────────────────────────────┐"
"│  root                   ↑││  1 [                                            ↑│"
"│  └─ web-app             ║││  2   {                                          █│"
"│>    ├─ servlet          █││  3     "servlet-name": "cofaxCDS",              █│"
"│     ├─ servlet-mapping  █││  4     "servlet-class": "org.cofax.cds.CDSServl █│"
"│     └─ taglib           █││  5     "init-param": {                          ║│"
"│                         █││  6       "configGlossary:installationAt": "Phil ║│"
"│                         █││  7       "configGlossary:adminEmail": "ksm@pobo ║│"
"│                         █││  8       "configGlossary:poweredBy": "Cofax",   ║│"
"│            ┌Rename──────────────────────────────────────────────┐n": "/imag ║│"
"│            │> taglib█                                           │ "/content ║│"
"│            └────────────────────────────────────────────────────┘rg.cofax.W ║│"
"│                         █││ 12       "templateLoaderClass": "org.cofax.File ║│"
"│                         █││ 13       "templatePath": "templates",           ║│"
"│                         █││ 14       "templateOverridePath": "",            ║│"
"│                         █││ 15       "defaultListTemplate": "listTemplate.h ║│"
"│                         █││ 16       "defaultFileTemplate": "articleTemplat ║│"
"│                         ║││                                                 ↓│"
"│                         ↓││←██████████████████████████═════════════════════→ │"
"└──────────────────────────┘└──────────────────────────────────────────────────┘"
