---
source: src/app/component/workspace.rs
expression: "stateful_render_to_string(&worktree, &mut state)"
---
"┌Tree──────────────────────────────────────────────────────────────────────────┐"
"│> root                                                                       ↑│"
"│  └─ web-app                                                                 █│"
"│     ├─ servlet                                                              █│"
"│     │  ├─ 0                                                                 █│"
"│     │  │  ├─ servlet-name                                                   █│"
"│     │  │  ├─ servlet-class                                                  ║│"
"│     │  │  └─ init-param                                                     ║│"
"│     │  │     ├─ configGlossary:installationAt                               ║│"
"│     │  │     ├─ configGlossary:adminEmail                                   ║│"
"│     │  │     ├─ configGlossary:poweredBy                                    ║│"
"│     │  │     ├─ configGlossary:poweredByIcon                                ║│"
"│     │  │     ├─ configGlossary:staticPath                                   ║│"
"│     │  │     ├─ templateProcessorClass                                      ║│"
"│     │  │     ├─ templateLoaderClass                                         ║│"
"│     │  │     ├─ templatePath                                                ║│"
"│     │  │     ├─ templateOverridePath                                        ║│"
"│     │  │     ├─ defaultListTemplate                                         ║│"
"│     │  │     ├─ defaultFileTemplate                                         ↓│"
"└──────────────────────────────────────────────────────────────────────────────┘"
