---
source: src/app/component/workspace.rs
expression: "stateful_render_to_string(&worktree, &mut state)"
---
"┌Tree─────────────────────┐┌Preview────────────────────────────────────────────┐"
"│  root                  ↑││[                                                  │"
"│  --key                 ║││  1,                                               │"
"│> --array               ║││  2,                                               │"
"│                        █││  [                                                │"
"│                        █││    "cat",                                         │"
"│                        █││    "dog"                                          │"
"│                        █││  ]                                                │"
"│                        █││]                                                  │"
"│                        █││                                                   │"
"│                        █││                                                   │"
"│                        █││                                                   │"
"│                        █││                                                   │"
"│                        █││                                                   │"
"│                        █││                                                   │"
"│                        █││                                                   │"
"│                        █││                                                   │"
"│                        █││                                                   │"
"│                        ↓││                                                   │"
"└─────────────────────────┘└───────────────────────────────────────────────────┘"
