---
source: src/app/component/workspace.rs
expression: "stateful_render_to_string(&worktree, &mut state)"
---
"┌Tree─────────────────────┐┌Preview────────────────────────────────────────────┐"
"│  root                  ↑││  1 {                                             ↑│"
"│> --web-app             ║││  2   "servlet": [                                █│"
"│                        █││  3     {                                         █│"
"│                        █││  4       "servlet-name": "cofaxCDS",             █│"
"│                        █││  5       "servlet-class": "org.cofax.cds.CDSServ ║│"
"│                        █││  6       "init-param": {                         ║│"
"│                        █││  7         "configGlossary:installationAt": "Phi ║│"
"│                        █││  8         "configGlossary:adminEmail": "ksm@pob ║│"
"│                        █││  9         "configGlossary:poweredBy": "Cofax",  ║│"
"│                        █││ 10         "configGlossary:poweredByIcon": "/ima ║│"
"│                        █││ 11         "configGlossary:staticPath": "/conten ║│"
"│                        █││ 12         "templateProcessorClass": "org.cofax. ║│"
"│                        █││ 13         "templateLoaderClass": "org.cofax.Fil ║│"
"│                        █││ 14         "templatePath": "templates",          ║│"
"│                        █││ 15         "templateOverridePath": "",           ║│"
"│                        █││ 16         "defaultListTemplate": "listTemplate. ║│"
"│                        █││                                                  ↓│"
"│                        ↓││←██████████████████████████══════════════════════→ │"
"└─────────────────────────┘└───────────────────────────────────────────────────┘"
